[Wed Mar 12 10:33:01.171732 2025] [so:warn] [pid 1:tid 1] AH01574: module slotmem_shm_module is already loaded, skipping
[Wed Mar 12 10:33:01.172122 2025] [so:warn] [pid 1:tid 1] AH01574: module proxy_module is already loaded, skipping
[Wed Mar 12 10:33:01.172150 2025] [so:warn] [pid 1:tid 1] AH01574: module proxy_fcgi_module is already loaded, skipping
AH00112: Warning: DocumentRoot [/srv/sandboxer/phpmyadmin] does not exist
AH00112: Warning: DocumentRoot [/srv/sandboxer/default] does not exist
AH00558: httpd: Could not reliably determine the server's fully qualified domain name, using 172.18.0.4. Set the 'ServerName' directive globally to suppress this message
[Wed Mar 12 10:33:01.176802 2025] [lbmethod_heartbeat:notice] [pid 1:tid 1] AH02282: No slotmem from mod_heartmonitor
[Wed Mar 12 10:33:01.178897 2025] [mpm_event:notice] [pid 1:tid 1] AH00489: Apache/2.4.62 (Unix) mod_fcgid/2.3.9 configured -- resuming normal operations
[Wed Mar 12 10:33:01.178918 2025] [core:notice] [pid 1:tid 1] AH00094: Command line: 'httpd -D FOREGROUND'
[Wed Mar 12 10:34:28.911746 2025] [authz_core:error] [pid 11:tid 56] [client 172.18.0.1:54790] AH01630: client denied by server configuration: /srv/sandboxer/default
[Wed Mar 12 10:34:28.961530 2025] [authz_core:error] [pid 11:tid 58] [client 172.18.0.1:54790] AH01630: client denied by server configuration: /srv/sandboxer/default, referer: http://localhost/
[Wed Mar 12 10:36:08.759417 2025] [authz_core:error] [pid 8:tid 39] [client 172.18.0.1:50858] AH01630: client denied by server configuration: /srv/sandboxer/default
[Wed Mar 12 10:36:09.754782 2025] [authz_core:error] [pid 8:tid 43] [client 172.18.0.1:50858] AH01630: client denied by server configuration: /srv/sandboxer/default
[Tue Mar 18 10:12:03.335513 2025] [so:warn] [pid 1:tid 1] AH01574: module slotmem_shm_module is already loaded, skipping
[Tue Mar 18 10:12:03.336844 2025] [so:warn] [pid 1:tid 1] AH01574: module proxy_module is already loaded, skipping
[Tue Mar 18 10:12:03.336924 2025] [so:warn] [pid 1:tid 1] AH01574: module proxy_fcgi_module is already loaded, skipping
AH00558: httpd: Could not reliably determine the server's fully qualified domain name, using 172.18.0.4. Set the 'ServerName' directive globally to suppress this message
[Tue Mar 18 10:12:03.347601 2025] [lbmethod_heartbeat:notice] [pid 1:tid 1] AH02282: No slotmem from mod_heartmonitor
[Tue Mar 18 10:12:03.349625 2025] [mpm_event:notice] [pid 1:tid 1] AH00489: Apache/2.4.62 (Unix) mod_fcgid/2.3.9 configured -- resuming normal operations
[Tue Mar 18 10:12:03.349693 2025] [core:notice] [pid 1:tid 1] AH00094: Command line: 'httpd -D FOREGROUND'
[Tue Mar 18 14:02:26.506909 2025] [mpm_event:notice] [pid 1:tid 1] AH00491: caught SIGTERM, shutting down
[Tue Apr 08 05:03:49.860948 2025] [so:warn] [pid 1:tid 1] AH01574: module slotmem_shm_module is already loaded, skipping
[Tue Apr 08 05:03:49.861536 2025] [so:warn] [pid 1:tid 1] AH01574: module proxy_module is already loaded, skipping
[Tue Apr 08 05:03:49.861558 2025] [so:warn] [pid 1:tid 1] AH01574: module proxy_fcgi_module is already loaded, skipping
AH00558: httpd: Could not reliably determine the server's fully qualified domain name, using 172.28.0.4. Set the 'ServerName' directive globally to suppress this message
[Tue Apr 08 05:03:49.864372 2025] [lbmethod_heartbeat:notice] [pid 1:tid 1] AH02282: No slotmem from mod_heartmonitor
[Tue Apr 08 05:03:49.865315 2025] [mpm_event:notice] [pid 1:tid 1] AH00489: Apache/2.4.62 (Unix) mod_fcgid/2.3.9 configured -- resuming normal operations
[Tue Apr 08 05:03:49.865326 2025] [core:notice] [pid 1:tid 1] AH00094: Command line: 'httpd -D FOREGROUND'
[Tue Apr 08 08:00:48.672828 2025] [so:warn] [pid 1:tid 1] AH01574: module slotmem_shm_module is already loaded, skipping
[Tue Apr 08 08:00:48.673603 2025] [so:warn] [pid 1:tid 1] AH01574: module proxy_module is already loaded, skipping
[Tue Apr 08 08:00:48.673625 2025] [so:warn] [pid 1:tid 1] AH01574: module proxy_fcgi_module is already loaded, skipping
AH00558: httpd: Could not reliably determine the server's fully qualified domain name, using 172.28.0.2. Set the 'ServerName' directive globally to suppress this message
[Tue Apr 08 08:00:48.676793 2025] [lbmethod_heartbeat:notice] [pid 1:tid 1] AH02282: No slotmem from mod_heartmonitor
[Tue Apr 08 08:00:48.676998 2025] [core:warn] [pid 1:tid 1] AH00098: pid file /run/apache2/httpd.pid overwritten -- Unclean shutdown of previous Apache run?
[Tue Apr 08 08:00:48.678198 2025] [mpm_event:notice] [pid 1:tid 1] AH00489: Apache/2.4.62 (Unix) mod_fcgid/2.3.9 configured -- resuming normal operations
[Tue Apr 08 08:00:48.678218 2025] [core:notice] [pid 1:tid 1] AH00094: Command line: 'httpd -D FOREGROUND'
[Thu Apr 10 04:55:42.964988 2025] [so:warn] [pid 1:tid 1] AH01574: module slotmem_shm_module is already loaded, skipping
[Thu Apr 10 04:55:42.967000 2025] [so:warn] [pid 1:tid 1] AH01574: module proxy_module is already loaded, skipping
[Thu Apr 10 04:55:42.967528 2025] [so:warn] [pid 1:tid 1] AH01574: module proxy_fcgi_module is already loaded, skipping
AH00558: httpd: Could not reliably determine the server's fully qualified domain name, using 172.28.0.2. Set the 'ServerName' directive globally to suppress this message
[Thu Apr 10 04:55:42.970403 2025] [lbmethod_heartbeat:notice] [pid 1:tid 1] AH02282: No slotmem from mod_heartmonitor
[Thu Apr 10 04:55:42.970574 2025] [core:warn] [pid 1:tid 1] AH00098: pid file /run/apache2/httpd.pid overwritten -- Unclean shutdown of previous Apache run?
[Thu Apr 10 04:55:42.971981 2025] [mpm_event:notice] [pid 1:tid 1] AH00489: Apache/2.4.62 (Unix) mod_fcgid/2.3.9 configured -- resuming normal operations
[Thu Apr 10 04:55:42.972023 2025] [core:notice] [pid 1:tid 1] AH00094: Command line: 'httpd -D FOREGROUND'
[Thu Apr 10 04:56:02.192668 2025] [mpm_event:notice] [pid 1:tid 1] AH00491: caught SIGTERM, shutting down
[Thu Apr 10 04:56:37.600263 2025] [so:warn] [pid 1:tid 1] AH01574: module slotmem_shm_module is already loaded, skipping
[Thu Apr 10 04:56:37.600704 2025] [so:warn] [pid 1:tid 1] AH01574: module proxy_module is already loaded, skipping
[Thu Apr 10 04:56:37.600766 2025] [so:warn] [pid 1:tid 1] AH01574: module proxy_fcgi_module is already loaded, skipping
AH00558: httpd: Could not reliably determine the server's fully qualified domain name, using 172.28.0.4. Set the 'ServerName' directive globally to suppress this message
[Thu Apr 10 04:56:37.604753 2025] [lbmethod_heartbeat:notice] [pid 1:tid 1] AH02282: No slotmem from mod_heartmonitor
[Thu Apr 10 04:56:37.606284 2025] [mpm_event:notice] [pid 1:tid 1] AH00489: Apache/2.4.62 (Unix) mod_fcgid/2.3.9 configured -- resuming normal operations
[Thu Apr 10 04:56:37.606336 2025] [core:notice] [pid 1:tid 1] AH00094: Command line: 'httpd -D FOREGROUND'
[Thu Apr 10 05:30:00.693348 2025] [mpm_event:notice] [pid 1:tid 1] AH00491: caught SIGTERM, shutting down
[Thu Apr 10 05:30:12.226416 2025] [so:warn] [pid 1:tid 1] AH01574: module slotmem_shm_module is already loaded, skipping
[Thu Apr 10 05:30:12.226836 2025] [so:warn] [pid 1:tid 1] AH01574: module proxy_module is already loaded, skipping
[Thu Apr 10 05:30:12.226897 2025] [so:warn] [pid 1:tid 1] AH01574: module proxy_fcgi_module is already loaded, skipping
AH00558: httpd: Could not reliably determine the server's fully qualified domain name, using 172.28.0.4. Set the 'ServerName' directive globally to suppress this message
[Thu Apr 10 05:30:12.231836 2025] [lbmethod_heartbeat:notice] [pid 1:tid 1] AH02282: No slotmem from mod_heartmonitor
[Thu Apr 10 05:30:12.233258 2025] [mpm_event:notice] [pid 1:tid 1] AH00489: Apache/2.4.62 (Unix) mod_fcgid/2.3.9 configured -- resuming normal operations
[Thu Apr 10 05:30:12.233336 2025] [core:notice] [pid 1:tid 1] AH00094: Command line: 'httpd -D FOREGROUND'
[Thu Apr 10 05:35:53.484493 2025] [mpm_event:notice] [pid 1:tid 1] AH00491: caught SIGTERM, shutting down
[Thu Apr 10 05:42:30.273309 2025] [so:warn] [pid 1:tid 1] AH01574: module slotmem_shm_module is already loaded, skipping
[Thu Apr 10 05:42:30.273855 2025] [so:warn] [pid 1:tid 1] AH01574: module proxy_module is already loaded, skipping
[Thu Apr 10 05:42:30.273904 2025] [so:warn] [pid 1:tid 1] AH01574: module proxy_fcgi_module is already loaded, skipping
AH00558: httpd: Could not reliably determine the server's fully qualified domain name, using 172.28.0.4. Set the 'ServerName' directive globally to suppress this message
[Thu Apr 10 05:42:30.277730 2025] [lbmethod_heartbeat:notice] [pid 1:tid 1] AH02282: No slotmem from mod_heartmonitor
[Thu Apr 10 05:42:30.278945 2025] [mpm_event:notice] [pid 1:tid 1] AH00489: Apache/2.4.62 (Unix) mod_fcgid/2.3.9 configured -- resuming normal operations
[Thu Apr 10 05:42:30.278978 2025] [core:notice] [pid 1:tid 1] AH00094: Command line: 'httpd -D FOREGROUND'
[Thu Apr 10 05:45:35.978698 2025] [mpm_event:notice] [pid 1:tid 1] AH00491: caught SIGTERM, shutting down
[Thu Apr 10 05:45:47.730314 2025] [so:warn] [pid 1:tid 1] AH01574: module slotmem_shm_module is already loaded, skipping
[Thu Apr 10 05:45:47.730950 2025] [so:warn] [pid 1:tid 1] AH01574: module proxy_module is already loaded, skipping
[Thu Apr 10 05:45:47.731079 2025] [so:warn] [pid 1:tid 1] AH01574: module proxy_fcgi_module is already loaded, skipping
AH00558: httpd: Could not reliably determine the server's fully qualified domain name, using 172.28.0.4. Set the 'ServerName' directive globally to suppress this message
[Thu Apr 10 05:45:47.737467 2025] [lbmethod_heartbeat:notice] [pid 1:tid 1] AH02282: No slotmem from mod_heartmonitor
[Thu Apr 10 05:45:47.739248 2025] [mpm_event:notice] [pid 1:tid 1] AH00489: Apache/2.4.62 (Unix) mod_fcgid/2.3.9 configured -- resuming normal operations
[Thu Apr 10 05:45:47.739299 2025] [core:notice] [pid 1:tid 1] AH00094: Command line: 'httpd -D FOREGROUND'
[Thu Apr 10 05:49:45.169825 2025] [mpm_event:notice] [pid 1:tid 1] AH00491: caught SIGTERM, shutting down
[Thu Apr 10 05:49:49.429899 2025] [so:warn] [pid 1:tid 1] AH01574: module slotmem_shm_module is already loaded, skipping
[Thu Apr 10 05:49:49.430316 2025] [so:warn] [pid 1:tid 1] AH01574: module proxy_module is already loaded, skipping
[Thu Apr 10 05:49:49.430387 2025] [so:warn] [pid 1:tid 1] AH01574: module proxy_fcgi_module is already loaded, skipping
AH00558: httpd: Could not reliably determine the server's fully qualified domain name, using 172.28.0.4. Set the 'ServerName' directive globally to suppress this message
[Thu Apr 10 05:49:49.433463 2025] [lbmethod_heartbeat:notice] [pid 1:tid 1] AH02282: No slotmem from mod_heartmonitor
[Thu Apr 10 05:49:49.435286 2025] [mpm_event:notice] [pid 1:tid 1] AH00489: Apache/2.4.62 (Unix) mod_fcgid/2.3.9 configured -- resuming normal operations
[Thu Apr 10 05:49:49.435329 2025] [core:notice] [pid 1:tid 1] AH00094: Command line: 'httpd -D FOREGROUND'
[Thu Apr 10 05:49:56.462687 2025] [mpm_event:notice] [pid 1:tid 1] AH00491: caught SIGTERM, shutting down
[Thu Apr 10 05:50:08.113023 2025] [so:warn] [pid 1:tid 1] AH01574: module slotmem_shm_module is already loaded, skipping
[Thu Apr 10 05:50:08.113506 2025] [so:warn] [pid 1:tid 1] AH01574: module proxy_module is already loaded, skipping
[Thu Apr 10 05:50:08.113572 2025] [so:warn] [pid 1:tid 1] AH01574: module proxy_fcgi_module is already loaded, skipping
AH00558: httpd: Could not reliably determine the server's fully qualified domain name, using 172.28.0.4. Set the 'ServerName' directive globally to suppress this message
[Thu Apr 10 05:50:08.117734 2025] [lbmethod_heartbeat:notice] [pid 1:tid 1] AH02282: No slotmem from mod_heartmonitor
[Thu Apr 10 05:50:08.119022 2025] [mpm_event:notice] [pid 1:tid 1] AH00489: Apache/2.4.62 (Unix) mod_fcgid/2.3.9 configured -- resuming normal operations
[Thu Apr 10 05:50:08.119067 2025] [core:notice] [pid 1:tid 1] AH00094: Command line: 'httpd -D FOREGROUND'
[Thu Apr 10 12:26:33.292547 2025] [mpm_event:notice] [pid 1:tid 1] AH00491: caught SIGTERM, shutting down
[Thu Apr 10 12:29:10.583849 2025] [so:warn] [pid 1:tid 1] AH01574: module slotmem_shm_module is already loaded, skipping
[Thu Apr 10 12:29:10.584564 2025] [so:warn] [pid 1:tid 1] AH01574: module proxy_module is already loaded, skipping
[Thu Apr 10 12:29:10.584676 2025] [so:warn] [pid 1:tid 1] AH01574: module proxy_fcgi_module is already loaded, skipping
AH00558: httpd: Could not reliably determine the server's fully qualified domain name, using 172.29.0.4. Set the 'ServerName' directive globally to suppress this message
[Thu Apr 10 12:29:10.594304 2025] [lbmethod_heartbeat:notice] [pid 1:tid 1] AH02282: No slotmem from mod_heartmonitor
[Thu Apr 10 12:29:10.598864 2025] [mpm_event:notice] [pid 1:tid 1] AH00489: Apache/2.4.62 (Unix) mod_fcgid/2.3.9 configured -- resuming normal operations
[Thu Apr 10 12:29:10.598957 2025] [core:notice] [pid 1:tid 1] AH00094: Command line: 'httpd -D FOREGROUND'
[Thu Apr 10 16:23:44.466113 2025] [mpm_event:notice] [pid 1:tid 1] AH00491: caught SIGTERM, shutting down
[Mon Apr 28 12:32:49.602260 2025] [so:warn] [pid 1:tid 1] AH01574: module slotmem_shm_module is already loaded, skipping
[Mon Apr 28 12:32:49.603820 2025] [so:warn] [pid 1:tid 1] AH01574: module proxy_module is already loaded, skipping
[Mon Apr 28 12:32:49.604578 2025] [so:warn] [pid 1:tid 1] AH01574: module proxy_fcgi_module is already loaded, skipping
AH00558: httpd: Could not reliably determine the server's fully qualified domain name, using 172.31.0.4. Set the 'ServerName' directive globally to suppress this message
[Mon Apr 28 12:32:49.612180 2025] [lbmethod_heartbeat:notice] [pid 1:tid 1] AH02282: No slotmem from mod_heartmonitor
[Mon Apr 28 12:32:49.615036 2025] [mpm_event:notice] [pid 1:tid 1] AH00489: Apache/2.4.62 (Unix) mod_fcgid/2.3.9 configured -- resuming normal operations
[Mon Apr 28 12:32:49.615079 2025] [core:notice] [pid 1:tid 1] AH00094: Command line: 'httpd -D FOREGROUND'
[Mon Apr 28 12:33:09.208686 2025] [mpm_event:notice] [pid 1:tid 1] AH00491: caught SIGTERM, shutting down
[Mon Apr 28 12:34:38.521428 2025] [so:warn] [pid 1:tid 1] AH01574: module slotmem_shm_module is already loaded, skipping
[Mon Apr 28 12:34:38.522250 2025] [so:warn] [pid 1:tid 1] AH01574: module proxy_module is already loaded, skipping
[Mon Apr 28 12:34:38.522289 2025] [so:warn] [pid 1:tid 1] AH01574: module proxy_fcgi_module is already loaded, skipping
AH00558: httpd: Could not reliably determine the server's fully qualified domain name, using 172.31.0.4. Set the 'ServerName' directive globally to suppress this message
[Mon Apr 28 12:34:38.526254 2025] [lbmethod_heartbeat:notice] [pid 1:tid 1] AH02282: No slotmem from mod_heartmonitor
[Mon Apr 28 12:34:38.528913 2025] [mpm_event:notice] [pid 1:tid 1] AH00489: Apache/2.4.62 (Unix) mod_fcgid/2.3.9 configured -- resuming normal operations
[Mon Apr 28 12:34:38.528937 2025] [core:notice] [pid 1:tid 1] AH00094: Command line: 'httpd -D FOREGROUND'
[Mon Apr 28 12:35:10.289462 2025] [mpm_event:notice] [pid 1:tid 1] AH00491: caught SIGTERM, shutting down
[Mon Apr 28 12:37:00.947755 2025] [so:warn] [pid 1:tid 1] AH01574: module slotmem_shm_module is already loaded, skipping
[Mon Apr 28 12:37:00.948623 2025] [so:warn] [pid 1:tid 1] AH01574: module proxy_module is already loaded, skipping
[Mon Apr 28 12:37:00.948652 2025] [so:warn] [pid 1:tid 1] AH01574: module proxy_fcgi_module is already loaded, skipping
AH00558: httpd: Could not reliably determine the server's fully qualified domain name, using 172.31.0.4. Set the 'ServerName' directive globally to suppress this message
[Mon Apr 28 12:37:00.952242 2025] [lbmethod_heartbeat:notice] [pid 1:tid 1] AH02282: No slotmem from mod_heartmonitor
[Mon Apr 28 12:37:00.953850 2025] [mpm_event:notice] [pid 1:tid 1] AH00489: Apache/2.4.62 (Unix) mod_fcgid/2.3.9 configured -- resuming normal operations
[Mon Apr 28 12:37:00.953866 2025] [core:notice] [pid 1:tid 1] AH00094: Command line: 'httpd -D FOREGROUND'
[Mon Apr 28 12:38:00.092213 2025] [proxy_fcgi:error] [pid 9:tid 16] (70007)The timeout specified has expired: [client 172.31.0.1:48648] AH01075: Error dispatching request to : (polling)
[Mon Apr 28 12:38:12.911128 2025] [core:warn] [pid 1:tid 1] AH00045: child process 8 still did not exit, sending a SIGTERM
[Mon Apr 28 12:38:12.911217 2025] [core:warn] [pid 1:tid 1] AH00045: child process 9 still did not exit, sending a SIGTERM
[Mon Apr 28 12:38:12.911246 2025] [core:warn] [pid 1:tid 1] AH00045: child process 82 still did not exit, sending a SIGTERM
[Mon Apr 28 12:38:14.918407 2025] [core:warn] [pid 1:tid 1] AH00045: child process 8 still did not exit, sending a SIGTERM
[Mon Apr 28 12:38:14.918491 2025] [core:warn] [pid 1:tid 1] AH00045: child process 9 still did not exit, sending a SIGTERM
[Mon Apr 28 12:38:14.918542 2025] [core:warn] [pid 1:tid 1] AH00045: child process 82 still did not exit, sending a SIGTERM
[Mon Apr 28 12:38:16.927359 2025] [core:warn] [pid 1:tid 1] AH00045: child process 8 still did not exit, sending a SIGTERM
[Mon Apr 28 12:38:16.927467 2025] [core:warn] [pid 1:tid 1] AH00045: child process 9 still did not exit, sending a SIGTERM
[Mon Apr 28 12:38:16.927526 2025] [core:warn] [pid 1:tid 1] AH00045: child process 82 still did not exit, sending a SIGTERM
[Mon Apr 28 12:38:18.935160 2025] [core:error] [pid 1:tid 1] AH00046: child process 8 still did not exit, sending a SIGKILL
[Mon Apr 28 12:38:18.935298 2025] [core:error] [pid 1:tid 1] AH00046: child process 9 still did not exit, sending a SIGKILL
[Mon Apr 28 12:38:18.935407 2025] [core:error] [pid 1:tid 1] AH00046: child process 82 still did not exit, sending a SIGKILL
[Mon Apr 28 19:46:39.909017 2025] [so:warn] [pid 1:tid 1] AH01574: module slotmem_shm_module is already loaded, skipping
[Mon Apr 28 19:46:39.909703 2025] [so:warn] [pid 1:tid 1] AH01574: module proxy_module is already loaded, skipping
[Mon Apr 28 19:46:39.909729 2025] [so:warn] [pid 1:tid 1] AH01574: module proxy_fcgi_module is already loaded, skipping
AH00558: httpd: Could not reliably determine the server's fully qualified domain name, using 172.31.0.4. Set the 'ServerName' directive globally to suppress this message
[Mon Apr 28 19:46:39.913917 2025] [lbmethod_heartbeat:notice] [pid 1:tid 1] AH02282: No slotmem from mod_heartmonitor
[Mon Apr 28 19:46:39.914270 2025] [core:warn] [pid 1:tid 1] AH00098: pid file /run/apache2/httpd.pid overwritten -- Unclean shutdown of previous Apache run?
[Mon Apr 28 19:46:39.918048 2025] [mpm_event:notice] [pid 1:tid 1] AH00489: Apache/2.4.62 (Unix) mod_fcgid/2.3.9 configured -- resuming normal operations
[Mon Apr 28 19:46:39.918086 2025] [core:notice] [pid 1:tid 1] AH00094: Command line: 'httpd -D FOREGROUND'
[Mon Apr 28 19:47:17.958464 2025] [core:warn] [pid 1:tid 1] AH00045: child process 8 still did not exit, sending a SIGTERM
[Mon Apr 28 19:47:20.160042 2025] [core:warn] [pid 1:tid 1] AH00045: child process 8 still did not exit, sending a SIGTERM
[Mon Apr 28 19:47:22.249731 2025] [core:warn] [pid 1:tid 1] AH00045: child process 8 still did not exit, sending a SIGTERM
[Mon Apr 28 19:47:24.315505 2025] [core:error] [pid 1:tid 1] AH00046: child process 8 still did not exit, sending a SIGKILL
[Mon Apr 28 19:47:43.809021 2025] [so:warn] [pid 1:tid 1] AH01574: module slotmem_shm_module is already loaded, skipping
[Mon Apr 28 19:47:43.809541 2025] [so:warn] [pid 1:tid 1] AH01574: module proxy_module is already loaded, skipping
[Mon Apr 28 19:47:43.809585 2025] [so:warn] [pid 1:tid 1] AH01574: module proxy_fcgi_module is already loaded, skipping
AH00558: httpd: Could not reliably determine the server's fully qualified domain name, using 172.31.0.4. Set the 'ServerName' directive globally to suppress this message
[Mon Apr 28 19:47:43.815742 2025] [lbmethod_heartbeat:notice] [pid 1:tid 1] AH02282: No slotmem from mod_heartmonitor
[Mon Apr 28 19:47:43.817562 2025] [mpm_event:notice] [pid 1:tid 1] AH00489: Apache/2.4.62 (Unix) mod_fcgid/2.3.9 configured -- resuming normal operations
[Mon Apr 28 19:47:43.817596 2025] [core:notice] [pid 1:tid 1] AH00094: Command line: 'httpd -D FOREGROUND'
[Mon Apr 28 19:47:47.431296 2025] [mpm_event:notice] [pid 1:tid 1] AH00491: caught SIGTERM, shutting down
[Mon Apr 28 19:48:24.433804 2025] [so:warn] [pid 1:tid 1] AH01574: module slotmem_shm_module is already loaded, skipping
[Mon Apr 28 19:48:24.434169 2025] [so:warn] [pid 1:tid 1] AH01574: module proxy_module is already loaded, skipping
[Mon Apr 28 19:48:24.434210 2025] [so:warn] [pid 1:tid 1] AH01574: module proxy_fcgi_module is already loaded, skipping
AH00558: httpd: Could not reliably determine the server's fully qualified domain name, using 172.31.0.4. Set the 'ServerName' directive globally to suppress this message
[Mon Apr 28 19:48:24.437813 2025] [lbmethod_heartbeat:notice] [pid 1:tid 1] AH02282: No slotmem from mod_heartmonitor
[Mon Apr 28 19:48:24.439467 2025] [mpm_event:notice] [pid 1:tid 1] AH00489: Apache/2.4.62 (Unix) mod_fcgid/2.3.9 configured -- resuming normal operations
[Mon Apr 28 19:48:24.439489 2025] [core:notice] [pid 1:tid 1] AH00094: Command line: 'httpd -D FOREGROUND'
[Mon Apr 28 19:49:55.089214 2025] [mpm_event:notice] [pid 1:tid 1] AH00491: caught SIGTERM, shutting down
[Mon Apr 28 19:52:15.706047 2025] [so:warn] [pid 1:tid 1] AH01574: module slotmem_shm_module is already loaded, skipping
[Mon Apr 28 19:52:15.706777 2025] [so:warn] [pid 1:tid 1] AH01574: module proxy_module is already loaded, skipping
[Mon Apr 28 19:52:15.706810 2025] [so:warn] [pid 1:tid 1] AH01574: module proxy_fcgi_module is already loaded, skipping
AH00558: httpd: Could not reliably determine the server's fully qualified domain name, using 172.31.0.4. Set the 'ServerName' directive globally to suppress this message
[Mon Apr 28 19:52:15.711152 2025] [lbmethod_heartbeat:notice] [pid 1:tid 1] AH02282: No slotmem from mod_heartmonitor
[Mon Apr 28 19:52:15.713541 2025] [mpm_event:notice] [pid 1:tid 1] AH00489: Apache/2.4.62 (Unix) mod_fcgid/2.3.9 configured -- resuming normal operations
[Mon Apr 28 19:52:15.713570 2025] [core:notice] [pid 1:tid 1] AH00094: Command line: 'httpd -D FOREGROUND'
[Mon Apr 28 20:08:07.724633 2025] [mpm_event:notice] [pid 1:tid 1] AH00491: caught SIGTERM, shutting down
[Mon Apr 28 20:08:37.186086 2025] [so:warn] [pid 1:tid 1] AH01574: module slotmem_shm_module is already loaded, skipping
[Mon Apr 28 20:08:37.186756 2025] [so:warn] [pid 1:tid 1] AH01574: module proxy_module is already loaded, skipping
[Mon Apr 28 20:08:37.186798 2025] [so:warn] [pid 1:tid 1] AH01574: module proxy_fcgi_module is already loaded, skipping
AH00558: httpd: Could not reliably determine the server's fully qualified domain name, using 192.168.0.4. Set the 'ServerName' directive globally to suppress this message
[Mon Apr 28 20:08:37.191568 2025] [lbmethod_heartbeat:notice] [pid 1:tid 1] AH02282: No slotmem from mod_heartmonitor
[Mon Apr 28 20:08:37.196373 2025] [mpm_event:notice] [pid 1:tid 1] AH00489: Apache/2.4.62 (Unix) mod_fcgid/2.3.9 configured -- resuming normal operations
[Mon Apr 28 20:08:37.196406 2025] [core:notice] [pid 1:tid 1] AH00094: Command line: 'httpd -D FOREGROUND'
[Mon Apr 28 20:14:00.566177 2025] [mpm_event:notice] [pid 1:tid 1] AH00491: caught SIGTERM, shutting down
[Mon Apr 28 20:15:02.490474 2025] [so:warn] [pid 1:tid 1] AH01574: module slotmem_shm_module is already loaded, skipping
[Mon Apr 28 20:15:02.490971 2025] [so:warn] [pid 1:tid 1] AH01574: module proxy_module is already loaded, skipping
[Mon Apr 28 20:15:02.491021 2025] [so:warn] [pid 1:tid 1] AH01574: module proxy_fcgi_module is already loaded, skipping
AH00558: httpd: Could not reliably determine the server's fully qualified domain name, using 192.168.0.4. Set the 'ServerName' directive globally to suppress this message
[Mon Apr 28 20:15:02.497738 2025] [lbmethod_heartbeat:notice] [pid 1:tid 1] AH02282: No slotmem from mod_heartmonitor
[Mon Apr 28 20:15:02.501098 2025] [mpm_event:notice] [pid 1:tid 1] AH00489: Apache/2.4.62 (Unix) mod_fcgid/2.3.9 configured -- resuming normal operations
[Mon Apr 28 20:15:02.501129 2025] [core:notice] [pid 1:tid 1] AH00094: Command line: 'httpd -D FOREGROUND'
[Mon Apr 28 20:19:10.686240 2025] [mpm_event:notice] [pid 1:tid 1] AH00491: caught SIGTERM, shutting down
[Mon Apr 28 20:19:19.895482 2025] [so:warn] [pid 1:tid 1] AH01574: module slotmem_shm_module is already loaded, skipping
[Mon Apr 28 20:19:19.896297 2025] [so:warn] [pid 1:tid 1] AH01574: module proxy_module is already loaded, skipping
[Mon Apr 28 20:19:19.896347 2025] [so:warn] [pid 1:tid 1] AH01574: module proxy_fcgi_module is already loaded, skipping
AH00558: httpd: Could not reliably determine the server's fully qualified domain name, using 192.168.0.4. Set the 'ServerName' directive globally to suppress this message
[Mon Apr 28 20:19:19.905773 2025] [lbmethod_heartbeat:notice] [pid 1:tid 1] AH02282: No slotmem from mod_heartmonitor
[Mon Apr 28 20:19:19.908145 2025] [mpm_event:notice] [pid 1:tid 1] AH00489: Apache/2.4.62 (Unix) mod_fcgid/2.3.9 configured -- resuming normal operations
[Mon Apr 28 20:19:19.908188 2025] [core:notice] [pid 1:tid 1] AH00094: Command line: 'httpd -D FOREGROUND'
[Mon Apr 28 20:25:49.457809 2025] [mpm_event:notice] [pid 1:tid 1] AH00491: caught SIGTERM, shutting down
[Mon Apr 28 20:25:59.102963 2025] [so:warn] [pid 1:tid 1] AH01574: module slotmem_shm_module is already loaded, skipping
[Mon Apr 28 20:25:59.103264 2025] [so:warn] [pid 1:tid 1] AH01574: module proxy_module is already loaded, skipping
[Mon Apr 28 20:25:59.103284 2025] [so:warn] [pid 1:tid 1] AH01574: module proxy_fcgi_module is already loaded, skipping
AH00558: httpd: Could not reliably determine the server's fully qualified domain name, using 192.168.0.4. Set the 'ServerName' directive globally to suppress this message
[Mon Apr 28 20:25:59.106775 2025] [lbmethod_heartbeat:notice] [pid 1:tid 1] AH02282: No slotmem from mod_heartmonitor
[Mon Apr 28 20:25:59.108467 2025] [mpm_event:notice] [pid 1:tid 1] AH00489: Apache/2.4.62 (Unix) mod_fcgid/2.3.9 configured -- resuming normal operations
[Mon Apr 28 20:25:59.108483 2025] [core:notice] [pid 1:tid 1] AH00094: Command line: 'httpd -D FOREGROUND'
[Mon Apr 28 20:26:01.919062 2025] [mpm_event:notice] [pid 1:tid 1] AH00491: caught SIGTERM, shutting down
[Mon Apr 28 20:26:40.190690 2025] [so:warn] [pid 1:tid 1] AH01574: module slotmem_shm_module is already loaded, skipping
[Mon Apr 28 20:26:40.190924 2025] [so:warn] [pid 1:tid 1] AH01574: module proxy_module is already loaded, skipping
[Mon Apr 28 20:26:40.190940 2025] [so:warn] [pid 1:tid 1] AH01574: module proxy_fcgi_module is already loaded, skipping
AH00558: httpd: Could not reliably determine the server's fully qualified domain name, using 172.31.0.4. Set the 'ServerName' directive globally to suppress this message
[Mon Apr 28 20:26:40.194323 2025] [lbmethod_heartbeat:notice] [pid 1:tid 1] AH02282: No slotmem from mod_heartmonitor
[Mon Apr 28 20:26:40.195818 2025] [mpm_event:notice] [pid 1:tid 1] AH00489: Apache/2.4.62 (Unix) mod_fcgid/2.3.9 configured -- resuming normal operations
[Mon Apr 28 20:26:40.195834 2025] [core:notice] [pid 1:tid 1] AH00094: Command line: 'httpd -D FOREGROUND'
[Mon Apr 28 20:28:55.285190 2025] [mpm_event:notice] [pid 1:tid 1] AH00491: caught SIGTERM, shutting down
[Mon Apr 28 20:28:58.013786 2025] [so:warn] [pid 1:tid 1] AH01574: module slotmem_shm_module is already loaded, skipping
[Mon Apr 28 20:28:58.014024 2025] [so:warn] [pid 1:tid 1] AH01574: module proxy_module is already loaded, skipping
[Mon Apr 28 20:28:58.014043 2025] [so:warn] [pid 1:tid 1] AH01574: module proxy_fcgi_module is already loaded, skipping
AH00558: httpd: Could not reliably determine the server's fully qualified domain name, using 172.31.0.4. Set the 'ServerName' directive globally to suppress this message
[Mon Apr 28 20:28:58.017819 2025] [lbmethod_heartbeat:notice] [pid 1:tid 1] AH02282: No slotmem from mod_heartmonitor
[Mon Apr 28 20:28:58.019180 2025] [mpm_event:notice] [pid 1:tid 1] AH00489: Apache/2.4.62 (Unix) mod_fcgid/2.3.9 configured -- resuming normal operations
[Mon Apr 28 20:28:58.019197 2025] [core:notice] [pid 1:tid 1] AH00094: Command line: 'httpd -D FOREGROUND'
[Tue Apr 29 03:09:18.275927 2025] [mpm_event:notice] [pid 1:tid 1] AH00491: caught SIGTERM, shutting down
[Tue Apr 29 03:09:35.419877 2025] [so:warn] [pid 1:tid 1] AH01574: module slotmem_shm_module is already loaded, skipping
[Tue Apr 29 03:09:35.420126 2025] [so:warn] [pid 1:tid 1] AH01574: module proxy_module is already loaded, skipping
[Tue Apr 29 03:09:35.420143 2025] [so:warn] [pid 1:tid 1] AH01574: module proxy_fcgi_module is already loaded, skipping
AH00558: httpd: Could not reliably determine the server's fully qualified domain name, using 192.168.0.4. Set the 'ServerName' directive globally to suppress this message
[Tue Apr 29 03:09:35.424644 2025] [lbmethod_heartbeat:notice] [pid 1:tid 1] AH02282: No slotmem from mod_heartmonitor
[Tue Apr 29 03:09:35.427840 2025] [mpm_event:notice] [pid 1:tid 1] AH00489: Apache/2.4.62 (Unix) mod_fcgid/2.3.9 configured -- resuming normal operations
[Tue Apr 29 03:09:35.427896 2025] [core:notice] [pid 1:tid 1] AH00094: Command line: 'httpd -D FOREGROUND'
[Tue Apr 29 03:11:14.118308 2025] [mpm_event:notice] [pid 1:tid 1] AH00491: caught SIGTERM, shutting down
[Tue Apr 29 03:12:15.223364 2025] [so:warn] [pid 1:tid 1] AH01574: module slotmem_shm_module is already loaded, skipping
[Tue Apr 29 03:12:15.224432 2025] [so:warn] [pid 1:tid 1] AH01574: module proxy_module is already loaded, skipping
[Tue Apr 29 03:12:15.224452 2025] [so:warn] [pid 1:tid 1] AH01574: module proxy_fcgi_module is already loaded, skipping
AH00558: httpd: Could not reliably determine the server's fully qualified domain name, using 192.168.0.4. Set the 'ServerName' directive globally to suppress this message
[Tue Apr 29 03:12:15.228922 2025] [lbmethod_heartbeat:notice] [pid 1:tid 1] AH02282: No slotmem from mod_heartmonitor
[Tue Apr 29 03:12:15.230672 2025] [mpm_event:notice] [pid 1:tid 1] AH00489: Apache/2.4.62 (Unix) mod_fcgid/2.3.9 configured -- resuming normal operations
[Tue Apr 29 03:12:15.230722 2025] [core:notice] [pid 1:tid 1] AH00094: Command line: 'httpd -D FOREGROUND'
[Tue Apr 29 03:27:23.040889 2025] [mpm_event:notice] [pid 1:tid 1] AH00491: caught SIGTERM, shutting down
[Tue Apr 29 03:32:38.157237 2025] [so:warn] [pid 1:tid 1] AH01574: module slotmem_shm_module is already loaded, skipping
[Tue Apr 29 03:32:38.158286 2025] [so:warn] [pid 1:tid 1] AH01574: module proxy_module is already loaded, skipping
[Tue Apr 29 03:32:38.158314 2025] [so:warn] [pid 1:tid 1] AH01574: module proxy_fcgi_module is already loaded, skipping
AH00558: httpd: Could not reliably determine the server's fully qualified domain name, using 192.168.0.4. Set the 'ServerName' directive globally to suppress this message
[Tue Apr 29 03:32:38.162701 2025] [lbmethod_heartbeat:notice] [pid 1:tid 1] AH02282: No slotmem from mod_heartmonitor
[Tue Apr 29 03:32:38.164253 2025] [mpm_event:notice] [pid 1:tid 1] AH00489: Apache/2.4.62 (Unix) mod_fcgid/2.3.9 configured -- resuming normal operations
[Tue Apr 29 03:32:38.164277 2025] [core:notice] [pid 1:tid 1] AH00094: Command line: 'httpd -D FOREGROUND'
[Tue Apr 29 03:37:31.968486 2025] [mpm_event:notice] [pid 1:tid 1] AH00491: caught SIGTERM, shutting down
[Tue Apr 29 03:37:49.052637 2025] [so:warn] [pid 1:tid 1] AH01574: module slotmem_shm_module is already loaded, skipping
[Tue Apr 29 03:37:49.052865 2025] [so:warn] [pid 1:tid 1] AH01574: module proxy_module is already loaded, skipping
[Tue Apr 29 03:37:49.052882 2025] [so:warn] [pid 1:tid 1] AH01574: module proxy_fcgi_module is already loaded, skipping
AH00558: httpd: Could not reliably determine the server's fully qualified domain name, using 172.31.0.4. Set the 'ServerName' directive globally to suppress this message
[Tue Apr 29 03:37:49.055887 2025] [lbmethod_heartbeat:notice] [pid 1:tid 1] AH02282: No slotmem from mod_heartmonitor
[Tue Apr 29 03:37:49.057348 2025] [mpm_event:notice] [pid 1:tid 1] AH00489: Apache/2.4.62 (Unix) mod_fcgid/2.3.9 configured -- resuming normal operations
[Tue Apr 29 03:37:49.057365 2025] [core:notice] [pid 1:tid 1] AH00094: Command line: 'httpd -D FOREGROUND'
[Tue Apr 29 03:44:10.751168 2025] [mpm_event:notice] [pid 1:tid 1] AH00491: caught SIGTERM, shutting down
[Tue Apr 29 03:44:30.448785 2025] [so:warn] [pid 1:tid 1] AH01574: module slotmem_shm_module is already loaded, skipping
[Tue Apr 29 03:44:30.449144 2025] [so:warn] [pid 1:tid 1] AH01574: module proxy_module is already loaded, skipping
[Tue Apr 29 03:44:30.449166 2025] [so:warn] [pid 1:tid 1] AH01574: module proxy_fcgi_module is already loaded, skipping
AH00558: httpd: Could not reliably determine the server's fully qualified domain name, using 172.31.0.4. Set the 'ServerName' directive globally to suppress this message
[Tue Apr 29 03:44:30.453687 2025] [lbmethod_heartbeat:notice] [pid 1:tid 1] AH02282: No slotmem from mod_heartmonitor
[Tue Apr 29 03:44:30.455117 2025] [mpm_event:notice] [pid 1:tid 1] AH00489: Apache/2.4.62 (Unix) mod_fcgid/2.3.9 configured -- resuming normal operations
[Tue Apr 29 03:44:30.455136 2025] [core:notice] [pid 1:tid 1] AH00094: Command line: 'httpd -D FOREGROUND'
[Tue Apr 29 03:49:28.797031 2025] [mpm_event:notice] [pid 1:tid 1] AH00491: caught SIGTERM, shutting down
[Tue Apr 29 03:49:49.940169 2025] [so:warn] [pid 1:tid 1] AH01574: module slotmem_shm_module is already loaded, skipping
[Tue Apr 29 03:49:49.940422 2025] [so:warn] [pid 1:tid 1] AH01574: module proxy_module is already loaded, skipping
[Tue Apr 29 03:49:49.940446 2025] [so:warn] [pid 1:tid 1] AH01574: module proxy_fcgi_module is already loaded, skipping
AH00558: httpd: Could not reliably determine the server's fully qualified domain name, using 172.31.0.4. Set the 'ServerName' directive globally to suppress this message
[Tue Apr 29 03:49:49.945887 2025] [lbmethod_heartbeat:notice] [pid 1:tid 1] AH02282: No slotmem from mod_heartmonitor
[Tue Apr 29 03:49:49.955503 2025] [mpm_event:notice] [pid 1:tid 1] AH00489: Apache/2.4.62 (Unix) mod_fcgid/2.3.9 configured -- resuming normal operations
[Tue Apr 29 03:49:49.955573 2025] [core:notice] [pid 1:tid 1] AH00094: Command line: 'httpd -D FOREGROUND'
[Tue Apr 29 04:11:01.687500 2025] [mpm_event:notice] [pid 1:tid 1] AH00491: caught SIGTERM, shutting down
