[12-Mar-2025 11:48:56 UTC] PHP Fatal error:  Uncaught TypeError: call_user_func_array(): Argument #1 ($callback) must be a valid callback, function "class26_enqueue_styles" not found or invalid function name in /srv/sandboxer/default/wp-includes/class-wp-hook.php:324
Stack trace:
#0 /srv/sandboxer/default/wp-includes/class-wp-hook.php(348): WP_Hook->apply_filters()
#1 /srv/sandboxer/default/wp-includes/plugin.php(517): WP_Hook->do_action()
#2 /srv/sandboxer/default/wp-includes/script-loader.php(2272): do_action()
#3 /srv/sandboxer/default/wp-includes/class-wp-hook.php(324): wp_enqueue_scripts()
#4 /srv/sandboxer/default/wp-includes/class-wp-hook.php(348): WP_Hook->apply_filters()
#5 /srv/sandboxer/default/wp-includes/plugin.php(517): WP_Hook->do_action()
#6 /srv/sandboxer/default/wp-includes/general-template.php(3064): do_action()
#7 /srv/sandboxer/default/wp-content/themes/class26/index.php(7): wp_head()
#8 /srv/sandboxer/default/wp-includes/template-loader.php(106): include('...')
#9 /srv/sandboxer/default/wp-blog-header.php(19): require_once('...')
#10 /srv/sandboxer/default/index.php(17): require('...')
#11 {main}
  thrown in /srv/sandboxer/default/wp-includes/class-wp-hook.php on line 324
[09-Apr-2025 01:17:15 UTC] PHP Warning:  Undefined variable $req_path_hash in /srv/sandboxer/default/wp-content/themes/class26/index.php on line 4
[09-Apr-2025 01:18:01 UTC] PHP Warning:  Undefined variable $req_path_hash in /srv/sandboxer/default/wp-content/themes/class26/index.php on line 4
[09-Apr-2025 01:25:58 UTC] PHP Fatal error:  ob_end_clean(): Cannot use output buffering in output buffering display handlers in /srv/sandboxer/default/wp-content/themes/class26/index.php on line 9
[09-Apr-2025 01:25:59 UTC] PHP Fatal error:  ob_end_clean(): Cannot use output buffering in output buffering display handlers in /srv/sandboxer/default/wp-content/themes/class26/index.php on line 9
[09-Apr-2025 01:26:22 UTC] PHP Fatal error:  ob_end_clean(): Cannot use output buffering in output buffering display handlers in /srv/sandboxer/default/wp-content/themes/class26/index.php on line 9
[09-Apr-2025 01:28:14 UTC] PHP Fatal error:  ob_end_clean(): Cannot use output buffering in output buffering display handlers in /srv/sandboxer/default/wp-content/themes/class26/index.php on line 8
[09-Apr-2025 01:31:59 UTC] PHP Fatal error:  ob_end_clean(): Cannot use output buffering in output buffering display handlers in /srv/sandboxer/default/wp-content/themes/class26/index.php on line 8
[09-Apr-2025 01:32:29 UTC] PHP Fatal error:  ob_end_clean(): Cannot use output buffering in output buffering display handlers in /srv/sandboxer/default/wp-content/themes/class26/index.php on line 8
[09-Apr-2025 01:32:30 UTC] PHP Fatal error:  ob_end_clean(): Cannot use output buffering in output buffering display handlers in /srv/sandboxer/default/wp-content/themes/class26/index.php on line 8
[09-Apr-2025 01:33:02 UTC] PHP Fatal error:  ob_end_clean(): Cannot use output buffering in output buffering display handlers in /srv/sandboxer/default/wp-content/themes/class26/index.php on line 9
[09-Apr-2025 01:33:22 UTC] PHP Fatal error:  ob_end_clean(): Cannot use output buffering in output buffering display handlers in /srv/sandboxer/default/wp-content/themes/class26/index.php on line 8
[09-Apr-2025 01:33:23 UTC] PHP Fatal error:  ob_end_clean(): Cannot use output buffering in output buffering display handlers in /srv/sandboxer/default/wp-content/themes/class26/index.php on line 8
[09-Apr-2025 01:33:36 UTC] PHP Fatal error:  ob_end_clean(): Cannot use output buffering in output buffering display handlers in /srv/sandboxer/default/wp-content/themes/class26/index.php on line 8
[09-Apr-2025 01:33:37 UTC] PHP Fatal error:  ob_end_clean(): Cannot use output buffering in output buffering display handlers in /srv/sandboxer/default/wp-content/themes/class26/index.php on line 8
[09-Apr-2025 01:33:38 UTC] PHP Fatal error:  ob_end_clean(): Cannot use output buffering in output buffering display handlers in /srv/sandboxer/default/wp-content/themes/class26/index.php on line 8
[09-Apr-2025 01:33:38 UTC] PHP Fatal error:  ob_end_clean(): Cannot use output buffering in output buffering display handlers in /srv/sandboxer/default/wp-content/themes/class26/index.php on line 8
[09-Apr-2025 01:33:40 UTC] PHP Fatal error:  ob_end_clean(): Cannot use output buffering in output buffering display handlers in /srv/sandboxer/default/wp-content/themes/class26/index.php on line 8
[09-Apr-2025 01:33:41 UTC] PHP Fatal error:  ob_end_clean(): Cannot use output buffering in output buffering display handlers in /srv/sandboxer/default/wp-content/themes/class26/index.php on line 8
[09-Apr-2025 01:33:42 UTC] PHP Fatal error:  ob_end_clean(): Cannot use output buffering in output buffering display handlers in /srv/sandboxer/default/wp-content/themes/class26/index.php on line 8
[09-Apr-2025 01:34:21 UTC] PHP Fatal error:  ob_end_clean(): Cannot use output buffering in output buffering display handlers in /srv/sandboxer/default/wp-content/themes/class26/index.php on line 8
[09-Apr-2025 02:47:36 UTC] PHP Warning:  Attempt to read property "ID" on null in /srv/sandboxer/default/wp-includes/rest-api/endpoints/class-wp-rest-autosaves-controller.php on line 167
[09-Apr-2025 02:47:36 UTC] PHP Warning:  Attempt to read property "ID" on null in /srv/sandboxer/default/wp-includes/rest-api/endpoints/class-wp-rest-autosaves-controller.php on line 167
[29-Apr-2025 04:31:27 UTC] PHP Warning:  require(/srv/sandboxer/default/wp-includes/version.php): Failed to open stream: No such file or directory in /srv/sandboxer/default/wp-settings.php on line 33
[29-Apr-2025 04:31:27 UTC] PHP Fatal error:  Uncaught Error: Failed opening required '/srv/sandboxer/default/wp-includes/version.php' (include_path='.:/usr/share/php82') in /srv/sandboxer/default/wp-settings.php:33
Stack trace:
#0 /srv/sandboxer/default/wp-config.php(104): require_once()
#1 /srv/sandboxer/default/wp-load.php(50): require_once('...')
#2 /srv/sandboxer/default/wp-blog-header.php(13): require_once('...')
#3 /srv/sandboxer/default/index.php(17): require('...')
#4 {main}
  thrown in /srv/sandboxer/default/wp-settings.php on line 33
